# --------------------------------------------- SYSTEM
brightnessctl
inotify-tools
iwd
man-db
man-pages
mpv
openssh
playerctl
polkit-gnome
reflector
rsync
stow
swaync
wget
zsh

# --------------------------------------------- BLUETOOTH
bluetui
bluez
bluez-utils

# --------------------------------------------- AUDIO
alsa-utils
pipewire-alsa
pipewire-pulse
wiremix

# --------------------------------------------- WM
hyprland
hyprpicker
hyprshot
awww
xdg-desktop-portal-gtk
xdg-desktop-portal-hyprland

# ---------------------------------------------- FONTS
awesome-terminal-fonts
noto-fonts-emoji
otf-font-awesome
ttf-all-the-icons
ttf-cascadia-code-nerd
ttf-font-awesome
ttf-nerd-fonts-symbols-common
ttf-nerd-fonts-symbols-mono
ttf-poppins

# ---------------------------------------------- THEMING
bibata-cursor-theme-bin
matugen
nwg-look
python-pywal
python-pywalfox
qt5ct
qt6ct
qt5-wayland
qt6-wayland

# ---------------------------------------------- APPS
android-studio
bitwarden
docker
docker-buildx
docker-compose
kanata-bin
kitty
neovim
nm-connection-editor
obsidian
obs-studio
opencode
rofi
rofi-emoji
rofi-rbw
scrcpy
tailscale
telegram-desktop
walogram-git
yazi
zathura
zathura-pdf-mupdf
zen-browser-bin

# ---------------------------------------------- TUI TOOLS
bat
btop
cava
cowsay
eza
fastfetch
fd
ffmpegthumbnailer
figlet
fzf
git
git-delta
github-cli
impala
just
lazygit
lolcat
mise
pay-respects-bin
pipes.sh
ripgrep
sesh-bin
tmux
tmuxinator
zoxide

# ---------------------------------------------- UTILS
clang
deno
inetutils
jdk17-openjdk
libinput-gestures
oh-my-posh
resvg
systemd-resolvconf
udiskie
usbutils
wl-clip-persist
xdg-user-dirs-gtk
