# --------------------------------------------- SYSTEM
brightnessctl
inotify-tools
man-db
man-pages
mpv
networkmanager
openssh
playerctl
plymouth
polkit-gnome
stow
uwsm
wget
zsh

# --------------------------------------------- Bluetooth
bluetui
bluez
bluez-utils

# --------------------------------------------- AUDIO
alsa-utils
pipewire-alsa
pipewire-pulse
pulsemixer

# ---------------------------------------------- WM
hypridle
hyprland
hyprlock
hyprpicker
hyprshot
swayosd-git
swww
xdg-desktop-portal-gtk
xdg-desktop-portal-hyprland

# ---------------------------------------------- FONTS
awesome-terminal-fonts
noto-fonts-emoji
otf-font-awesome
ttf-all-the-icons
ttf-cascadia-code-nerd
ttf-font-awesome
ttf-jetbrains-mono-nerd
ttf-nerd-fonts-symbols-common
ttf-nerd-fonts-symbols-mono
ttf-poppins

# ---------------------------------------------- THEMING
bibata-cursor-theme-bin
matugen-bin
nwg-look
python-pywal
python-pywalfox
qt5ct
qt6ct
qt5-wayland
qt6-wayland

# ---------------------------------------------- APPS
android-studio
bitwarden
kanata-bin
kitty
neovim
nm-connection-editor
obsidian
obs-studio
scrcpy
spotify
tailscale
telegram-desktop
tesseract
tesseract-data-eng
tesseract-data-ita
walogram-git
yazi
zathura
zathura-pdf-mupdf
zen-browser-bin

# ---------------------------------------------- TUI TOOLS
bat
btop
cava
cowsay
croc
eza
fastfetch
fd
ffmpegthumbnailer
figlet
fzf
git
git-delta
github-cli
lolcat
nvm
pay-respects-bin
pipes.sh
ripgrep
tmux
zoxide

# ---------------------------------------------- UTILS
inetutils
jdk17-openjdk
libinput-gestures
python-watchdog
resvg
systemd-resolvconf
udiskie
usbutils
wl-clip-persist-git
xdg-user-dirs-gtk
