# --------------------------------------------- SYSTEM
brightnessctl
imv
inotify-tools
man-db
man-pages
mpv
nano
network-manager-applet
networkmanager
nm-connection-editor
openssh
playerctl
polkit-gnome
stow
uwsm
wget
zsh

# --------------------------------------------- AUDIO
alsa-utils
blueman
bluez-utils
gnome-bluetooth-3.0
pamixer
pavucontrol
pipewire-alsa
pipewire-pulse

# ---------------------------------------------- WM
hypridle
hyprland
hyprlock
hyprpicker
hyprshot
swayosd-git
swww
xdg-desktop-portal-gtk
xdg-desktop-portal-hyprland

# ---------------------------------------------- FONTS
awesome-terminal-fonts
noto-fonts-emoji
otf-font-awesome
ttf-all-the-icons
ttf-cascadia-code-nerd
ttf-cascadia-mono-nerd
ttf-firacode-nerd
ttf-font-awesome
ttf-iosevka-nerd
ttf-jetbrains-mono-nerd
ttf-nerd-fonts-symbols-common
ttf-nerd-fonts-symbols-mono
ttf-tabler-icons
ttf-zed-mono-nerd

# ---------------------------------------------- THEMING
nwg-look
qt5ct
qt6ct
qt5-wayland
qt6-wayland
walogram-git

# ---------------------------------------------- PERSONAL APPS
# android-studio
bitwarden
gnome-calculator
kanata-bin
kitty
nautilus
neovim
obs-studio
obsidian
scrcpy
spotify
tailscale
telegram-desktop
tesseract
tesseract-data-eng
tesseract-data-ita
xournalpp
yazi
zen-browser-bin

# ---------------------------------------------- TUI TOOLS
bat
btop
cava
cowsay
eza
fastfetch
fd
ffmpegthumbnailer
fzf
git
github-cli
nitch
nvm
pipes.sh
ripgrep
thefuck
tmux
zoxide

# ---------------------------------------------- UTILS
android-file-transfer
gpu-screen-recorder-gtk
gvfs-goa
gvfs-google
gvfs-mtp
inetutils
jdk17-openjdk
libinput-gestures
systemd-resolvconf
udiskie
usbutils
wl-clip-persist-git
xdg-user-dirs-gtk
